#! /usr/bin/vvp
:ivl_version "12.0 (stable)";
:ivl_delay_selection "TYPICAL";
:vpi_time_precision - 12;
:vpi_module "/usr/lib/x86_64-linux-gnu/ivl/system.vpi";
:vpi_module "/usr/lib/x86_64-linux-gnu/ivl/vhdl_sys.vpi";
:vpi_module "/usr/lib/x86_64-linux-gnu/ivl/vhdl_textio.vpi";
:vpi_module "/usr/lib/x86_64-linux-gnu/ivl/v2005_math.vpi";
:vpi_module "/usr/lib/x86_64-linux-gnu/ivl/va_math.vpi";
S_0x5f5998c178d0 .scope module, "Top_Module_tb" "Top_Module_tb" 2 3;
 .timescale -9 -12;
P_0x5f5998c33580 .param/l "EXPECTED_RESULT" 1 2 12, C4<00000000000000000000000000110111>;
P_0x5f5998c335c0 .param/l "RESULT_ADDR" 1 2 13, C4<00000000000000000000000000100000>;
P_0x5f5998c33600 .param/l "RESULT_WORD_IDX" 1 2 14, C4<00000000000000000000000000001000>;
v0x5f5998c56ea0_0 .net "Addr", 31 0, v0x5f5998c4ffb0_0;  1 drivers
v0x5f5998c56f80_0 .net "MemWrite", 0 0, v0x5f5998c4b820_0;  1 drivers
v0x5f5998c57040_0 .net "WriteData", 31 0, L_0x5f5998c685d0;  1 drivers
v0x5f5998c570e0_0 .var "clk", 0 0;
v0x5f5998c57180_0 .var/i "cycle_count", 31 0;
v0x5f5998c57240_0 .var "halted", 0 0;
v0x5f5998c57300_0 .var "pc_prev", 31 0;
v0x5f5998c573e0_0 .var "rst", 0 0;
S_0x5f5998c19dd0 .scope task, "check_result" "check_result" 2 91, 2 91 0, S_0x5f5998c178d0;
 .timescale -9 -12;
v0x5f5998c308e0_0 .var "got", 31 0;
TD_Top_Module_tb.check_result ;
    %ix/load 4, 8, 0;
    %flag_set/imm 4, 0;
    %load/vec4a v0x5f5998c31cd0, 4;
    %store/vec4 v0x5f5998c308e0_0, 0, 32;
    %vpi_call 2 95 "$display", "Result @ addr %0d (word idx %0d) = %0d (0x%08h)", P_0x5f5998c335c0, P_0x5f5998c33600, v0x5f5998c308e0_0, v0x5f5998c308e0_0 {0 0 0};
    %load/vec4 v0x5f5998c308e0_0;
    %cmpi/e 55, 0, 32;
    %jmp/0xz  T_0.0, 6;
    %vpi_call 2 98 "$display", "PASS: fibonacci(10) = %0d as expected", P_0x5f5998c33580 {0 0 0};
    %jmp T_0.1;
T_0.0 ;
    %vpi_call 2 100 "$display", "FAIL: expected %0d, got %0d", P_0x5f5998c33580, v0x5f5998c308e0_0 {0 0 0};
T_0.1 ;
    %end;
S_0x5f5998c490d0 .scope module, "dut" "Top_Module" 2 24, 3 1 0, S_0x5f5998c178d0;
 .timescale -9 -12;
    .port_info 0 /INPUT 1 "clk";
    .port_info 1 /INPUT 1 "rst";
    .port_info 2 /OUTPUT 32 "WriteData";
    .port_info 3 /OUTPUT 32 "Addr";
    .port_info 4 /OUTPUT 1 "MemWrite";
v0x5f5998c56740_0 .net "Addr", 31 0, v0x5f5998c4ffb0_0;  alias, 1 drivers
v0x5f5998c56820_0 .net "Instr", 31 0, L_0x5f5998c6a450;  1 drivers
v0x5f5998c568e0_0 .net "MemWrite", 0 0, v0x5f5998c4b820_0;  alias, 1 drivers
v0x5f5998c56a10_0 .net "PC", 31 0, v0x5f5998c4df70_0;  1 drivers
v0x5f5998c56ab0_0 .net "ReadData", 31 0, L_0x5f5998c6a200;  1 drivers
v0x5f5998c56c00_0 .net "WriteData", 31 0, L_0x5f5998c685d0;  alias, 1 drivers
v0x5f5998c56cc0_0 .net "clk", 0 0, v0x5f5998c570e0_0;  1 drivers
v0x5f5998c56d60_0 .net "rst", 0 0, v0x5f5998c573e0_0;  1 drivers
S_0x5f5998c49350 .scope module, "data" "Data_MEM" 3 18, 4 1 0, S_0x5f5998c490d0;
 .timescale -9 -12;
    .port_info 0 /INPUT 32 "A";
    .port_info 1 /INPUT 1 "clk";
    .port_info 2 /INPUT 1 "WE";
    .port_info 3 /INPUT 32 "WD";
    .port_info 4 /OUTPUT 32 "RD";
L_0x5f5998c6a200 .functor BUFZ 32, L_0x5f5998c69f30, C4<00000000000000000000000000000000>, C4<00000000000000000000000000000000>, C4<00000000000000000000000000000000>;
v0x5f5998c30e90_0 .net "A", 31 0, v0x5f5998c4ffb0_0;  alias, 1 drivers
v0x5f5998c31cd0 .array "DataMEM", 0 63, 31 0;
v0x5f5998c1c160_0 .net "RD", 31 0, L_0x5f5998c6a200;  alias, 1 drivers
v0x5f5998c14a80_0 .net "WD", 31 0, L_0x5f5998c685d0;  alias, 1 drivers
v0x5f5998c496d0_0 .net "WE", 0 0, v0x5f5998c4b820_0;  alias, 1 drivers
v0x5f5998c497e0_0 .net *"_ivl_0", 31 0, L_0x5f5998c69f30;  1 drivers
v0x5f5998c498c0_0 .net *"_ivl_3", 5 0, L_0x5f5998c69fd0;  1 drivers
v0x5f5998c499a0_0 .net *"_ivl_4", 7 0, L_0x5f5998c6a070;  1 drivers
L_0x7c86d0b23450 .functor BUFT 1, C4<00>, C4<0>, C4<0>, C4<0>;
v0x5f5998c49a80_0 .net *"_ivl_7", 1 0, L_0x7c86d0b23450;  1 drivers
v0x5f5998c49b60_0 .net "clk", 0 0, v0x5f5998c570e0_0;  alias, 1 drivers
E_0x5f5998bf9f90 .event posedge, v0x5f5998c49b60_0;
L_0x5f5998c69f30 .array/port v0x5f5998c31cd0, L_0x5f5998c6a070;
L_0x5f5998c69fd0 .part v0x5f5998c4ffb0_0, 2, 6;
L_0x5f5998c6a070 .concat [ 6 2 0 0], L_0x5f5998c69fd0, L_0x7c86d0b23450;
S_0x5f5998c49cc0 .scope module, "inst_MEM" "Instr_MEM" 3 26, 5 1 0, S_0x5f5998c490d0;
 .timescale -9 -12;
    .port_info 0 /INPUT 32 "Address";
    .port_info 1 /OUTPUT 32 "Instruction";
P_0x5f5998c49e70 .param/l "WIDTH" 0 5 1, +C4<00000000000000000000000000100000>;
L_0x5f5998c6a450 .functor BUFZ 32, L_0x5f5998c6a2c0, C4<00000000000000000000000000000000>, C4<00000000000000000000000000000000>, C4<00000000000000000000000000000000>;
v0x5f5998c49f10_0 .net "Address", 31 0, v0x5f5998c4df70_0;  alias, 1 drivers
v0x5f5998c4a010_0 .net "Instruction", 31 0, L_0x5f5998c6a450;  alias, 1 drivers
v0x5f5998c4a0f0 .array "Mem", 0 63, 31 0;
v0x5f5998c4a190_0 .net *"_ivl_0", 31 0, L_0x5f5998c6a2c0;  1 drivers
v0x5f5998c4a270_0 .net *"_ivl_3", 29 0, L_0x5f5998c6a360;  1 drivers
L_0x5f5998c6a2c0 .array/port v0x5f5998c4a0f0, L_0x5f5998c6a360;
L_0x5f5998c6a360 .part v0x5f5998c4df70_0, 2, 30;
S_0x5f5998c4a400 .scope module, "singleC" "SingleCycle" 3 8, 6 1 0, S_0x5f5998c490d0;
 .timescale -9 -12;
    .port_info 0 /INPUT 1 "clk";
    .port_info 1 /INPUT 1 "rst";
    .port_info 2 /INPUT 32 "Instr";
    .port_info 3 /INPUT 32 "ReadData";
    .port_info 4 /OUTPUT 1 "MemWrite";
    .port_info 5 /OUTPUT 32 "ALUResult";
    .port_info 6 /OUTPUT 32 "WriteData";
    .port_info 7 /OUTPUT 32 "PC";
v0x5f5998c55460_0 .net "ALUControl", 2 0, v0x5f5998c4ab60_0;  1 drivers
v0x5f5998c55540_0 .net "ALUResult", 31 0, v0x5f5998c4ffb0_0;  alias, 1 drivers
v0x5f5998c55690_0 .net "ALUSrcA", 0 0, v0x5f5998c4b370_0;  1 drivers
v0x5f5998c557c0_0 .net "ALUSrcB", 0 0, v0x5f5998c4b410_0;  1 drivers
v0x5f5998c558f0_0 .net "ImmSrc", 2 0, v0x5f5998c4b570_0;  1 drivers
v0x5f5998c55a20_0 .net "Instr", 31 0, L_0x5f5998c6a450;  alias, 1 drivers
v0x5f5998c55ae0_0 .net "MemWrite", 0 0, v0x5f5998c4b820_0;  alias, 1 drivers
v0x5f5998c55b80_0 .net "PC", 31 0, v0x5f5998c4df70_0;  alias, 1 drivers
v0x5f5998c55c40_0 .net "PCSrc", 1 0, L_0x5f5998c69ce0;  1 drivers
v0x5f5998c55d90_0 .net "ReadData", 31 0, L_0x5f5998c6a200;  alias, 1 drivers
v0x5f5998c55e50_0 .net "RegWrite", 0 0, v0x5f5998c4b8c0_0;  1 drivers
v0x5f5998c55f80_0 .net "ResultSrc", 1 0, v0x5f5998c4b960_0;  1 drivers
v0x5f5998c560d0_0 .net "WriteData", 31 0, L_0x5f5998c685d0;  alias, 1 drivers
v0x5f5998c56220_0 .net "Zero", 0 0, L_0x5f5998c68b40;  1 drivers
v0x5f5998c562c0_0 .net "bge_flag", 0 0, L_0x5f5998c68cf0;  1 drivers
v0x5f5998c56360_0 .net "clk", 0 0, v0x5f5998c570e0_0;  alias, 1 drivers
v0x5f5998c56490_0 .net "rst", 0 0, v0x5f5998c573e0_0;  alias, 1 drivers
S_0x5f5998c4a700 .scope module, "Control" "ControlUnit" 6 31, 7 1 0, S_0x5f5998c4a400;
 .timescale -9 -12;
    .port_info 0 /INPUT 32 "Instr";
    .port_info 1 /INPUT 1 "Zero";
    .port_info 2 /INPUT 1 "bge_flag";
    .port_info 3 /OUTPUT 1 "MemWrite";
    .port_info 4 /OUTPUT 1 "ALUSrcB";
    .port_info 5 /OUTPUT 1 "ALUSrcA";
    .port_info 6 /OUTPUT 1 "RegWrite";
    .port_info 7 /OUTPUT 3 "ALUControl";
    .port_info 8 /OUTPUT 2 "ResultSrc";
    .port_info 9 /OUTPUT 2 "PCSrc";
    .port_info 10 /OUTPUT 3 "ImmSrc";
L_0x5f5998c31bb0 .functor BUFZ 1, L_0x5f5998c68cf0, C4<0>, C4<0>, C4<0>;
L_0x5f5998c1c040 .functor XOR 1, L_0x5f5998c69870, L_0x5f5998c699f0, C4<0>, C4<0>;
L_0x5f5998c14960 .functor AND 1, v0x5f5998c4b4b0_0, L_0x5f5998c1c040, C4<1>, C4<1>;
L_0x5f5998c69bd0 .functor OR 1, L_0x5f5998c14960, v0x5f5998c4b760_0, C4<0>, C4<0>;
L_0x5f5998c69e20 .functor BUFZ 1, v0x5f5998c4b6a0_0, C4<0>, C4<0>, C4<0>;
v0x5f5998c4bce0_0 .net "ALUControl", 2 0, v0x5f5998c4ab60_0;  alias, 1 drivers
v0x5f5998c4bdc0_0 .net "ALUOp", 1 0, v0x5f5998c4b290_0;  1 drivers
v0x5f5998c4be60_0 .net "ALUSrcA", 0 0, v0x5f5998c4b370_0;  alias, 1 drivers
v0x5f5998c4bf00_0 .net "ALUSrcB", 0 0, v0x5f5998c4b410_0;  alias, 1 drivers
v0x5f5998c4bfa0_0 .net "Branch", 0 0, v0x5f5998c4b4b0_0;  1 drivers
v0x5f5998c4c090_0 .net "BranchTaken", 0 0, L_0x5f5998c14960;  1 drivers
v0x5f5998c4c130_0 .net "ImmSrc", 2 0, v0x5f5998c4b570_0;  alias, 1 drivers
v0x5f5998c4c200_0 .net "Instr", 31 0, L_0x5f5998c6a450;  alias, 1 drivers
v0x5f5998c4c2d0_0 .net "Jalr", 0 0, v0x5f5998c4b6a0_0;  1 drivers
v0x5f5998c4c430_0 .net "Jump", 0 0, v0x5f5998c4b760_0;  1 drivers
v0x5f5998c4c500_0 .net "MemWrite", 0 0, v0x5f5998c4b820_0;  alias, 1 drivers
v0x5f5998c4c5a0_0 .net "PCSrc", 1 0, L_0x5f5998c69ce0;  alias, 1 drivers
v0x5f5998c4c640_0 .net "RegWrite", 0 0, v0x5f5998c4b8c0_0;  alias, 1 drivers
v0x5f5998c4c6e0_0 .net "ResultSrc", 1 0, v0x5f5998c4b960_0;  alias, 1 drivers
v0x5f5998c4c7b0_0 .net "Zero", 0 0, L_0x5f5998c68b40;  alias, 1 drivers
v0x5f5998c4c850_0 .net *"_ivl_11", 0 0, L_0x5f5998c697d0;  1 drivers
v0x5f5998c4c8f0_0 .net *"_ivl_15", 0 0, L_0x5f5998c699f0;  1 drivers
v0x5f5998c4cac0_0 .net *"_ivl_16", 0 0, L_0x5f5998c1c040;  1 drivers
v0x5f5998c4cba0_0 .net *"_ivl_22", 0 0, L_0x5f5998c69bd0;  1 drivers
v0x5f5998c4cc80_0 .net *"_ivl_28", 0 0, L_0x5f5998c69e20;  1 drivers
v0x5f5998c4cd60_0 .net "bge_flag", 0 0, L_0x5f5998c68cf0;  alias, 1 drivers
v0x5f5998c4ce20_0 .net "branchflag", 0 0, L_0x5f5998c69870;  1 drivers
v0x5f5998c4cee0_0 .net "ltflag", 0 0, L_0x5f5998c31bb0;  1 drivers
L_0x5f5998c69520 .part L_0x5f5998c6a450, 0, 7;
L_0x5f5998c695c0 .part L_0x5f5998c6a450, 5, 1;
L_0x5f5998c69660 .part L_0x5f5998c6a450, 12, 3;
L_0x5f5998c69700 .part L_0x5f5998c6a450, 30, 1;
L_0x5f5998c697d0 .part L_0x5f5998c6a450, 14, 1;
L_0x5f5998c69870 .functor MUXZ 1, L_0x5f5998c68b40, L_0x5f5998c31bb0, L_0x5f5998c697d0, C4<>;
L_0x5f5998c699f0 .part L_0x5f5998c6a450, 12, 1;
L_0x5f5998c69ce0 .concat8 [ 1 1 0 0], L_0x5f5998c69bd0, L_0x5f5998c69e20;
S_0x5f5998c4a8e0 .scope module, "ALU" "ALUDecoder" 7 28, 8 1 0, S_0x5f5998c4a700;
 .timescale -9 -12;
    .port_info 0 /INPUT 1 "op_5";
    .port_info 1 /INPUT 3 "funct3";
    .port_info 2 /INPUT 1 "funct7_5";
    .port_info 3 /INPUT 2 "ALUOp";
    .port_info 4 /OUTPUT 3 "ALUControl";
v0x5f5998c4ab60_0 .var "ALUControl", 2 0;
v0x5f5998c4ac60_0 .net "ALUOp", 1 0, v0x5f5998c4b290_0;  alias, 1 drivers
v0x5f5998c4ad40_0 .net "funct3", 2 0, L_0x5f5998c69660;  1 drivers
v0x5f5998c4ae00_0 .net "funct7_5", 0 0, L_0x5f5998c69700;  1 drivers
v0x5f5998c4aec0_0 .net "op_5", 0 0, L_0x5f5998c695c0;  1 drivers
E_0x5f5998bfa6f0 .event anyedge, v0x5f5998c4ac60_0, v0x5f5998c4ad40_0, v0x5f5998c4aec0_0, v0x5f5998c4ae00_0;
S_0x5f5998c4b070 .scope module, "Decoder_Main" "MainDecoder" 7 14, 9 1 0, S_0x5f5998c4a700;
 .timescale -9 -12;
    .port_info 0 /INPUT 7 "op";
    .port_info 1 /OUTPUT 1 "MemWrite";
    .port_info 2 /OUTPUT 1 "ALUSrcB";
    .port_info 3 /OUTPUT 1 "ALUSrcA";
    .port_info 4 /OUTPUT 1 "RegWrite";
    .port_info 5 /OUTPUT 1 "Branch";
    .port_info 6 /OUTPUT 1 "Jump";
    .port_info 7 /OUTPUT 1 "Jalr";
    .port_info 8 /OUTPUT 2 "ALUOp";
    .port_info 9 /OUTPUT 2 "ResultSrc";
    .port_info 10 /OUTPUT 3 "ImmSrc";
v0x5f5998c4b290_0 .var "ALUOp", 1 0;
v0x5f5998c4b370_0 .var "ALUSrcA", 0 0;
v0x5f5998c4b410_0 .var "ALUSrcB", 0 0;
v0x5f5998c4b4b0_0 .var "Branch", 0 0;
v0x5f5998c4b570_0 .var "ImmSrc", 2 0;
v0x5f5998c4b6a0_0 .var "Jalr", 0 0;
v0x5f5998c4b760_0 .var "Jump", 0 0;
v0x5f5998c4b820_0 .var "MemWrite", 0 0;
v0x5f5998c4b8c0_0 .var "RegWrite", 0 0;
v0x5f5998c4b960_0 .var "ResultSrc", 1 0;
v0x5f5998c4ba40_0 .net "op", 6 0, L_0x5f5998c69520;  1 drivers
E_0x5f5998bf9b10 .event anyedge, v0x5f5998c4ba40_0;
S_0x5f5998c4d100 .scope module, "Data" "Datapath" 6 13, 10 1 0, S_0x5f5998c4a400;
 .timescale -9 -12;
    .port_info 0 /INPUT 1 "ALUSrcB";
    .port_info 1 /INPUT 1 "ALUSrcA";
    .port_info 2 /INPUT 1 "RegWrite";
    .port_info 3 /INPUT 3 "ALUControl";
    .port_info 4 /INPUT 3 "ImmSrc";
    .port_info 5 /INPUT 2 "ResultSrc";
    .port_info 6 /INPUT 2 "PCSrc";
    .port_info 7 /INPUT 32 "Instr";
    .port_info 8 /INPUT 1 "clk";
    .port_info 9 /INPUT 1 "rst";
    .port_info 10 /OUTPUT 32 "PC";
    .port_info 11 /OUTPUT 1 "Zero";
    .port_info 12 /OUTPUT 1 "bge_flag";
    .port_info 13 /OUTPUT 32 "ALUResult";
    .port_info 14 /OUTPUT 32 "WriteData";
    .port_info 15 /INPUT 32 "ReadData";
v0x5f5998c53b70_0 .net "ALUControl", 2 0, v0x5f5998c4ab60_0;  alias, 1 drivers
v0x5f5998c53c50_0 .net "ALUResult", 31 0, v0x5f5998c4ffb0_0;  alias, 1 drivers
v0x5f5998c53d10_0 .net "ALUSrcA", 0 0, v0x5f5998c4b370_0;  alias, 1 drivers
v0x5f5998c53db0_0 .net "ALUSrcB", 0 0, v0x5f5998c4b410_0;  alias, 1 drivers
v0x5f5998c53e50_0 .net "ImmExt", 31 0, v0x5f5998c4d820_0;  1 drivers
v0x5f5998c53ef0_0 .net "ImmSrc", 2 0, v0x5f5998c4b570_0;  alias, 1 drivers
v0x5f5998c53fb0_0 .net "Instr", 31 0, L_0x5f5998c6a450;  alias, 1 drivers
v0x5f5998c540c0_0 .net "PC", 31 0, v0x5f5998c4df70_0;  alias, 1 drivers
v0x5f5998c54180_0 .net "PCNext", 31 0, L_0x5f5998c67c10;  1 drivers
v0x5f5998c54240_0 .net "PCPlus4", 31 0, L_0x5f5998c57510;  1 drivers
v0x5f5998c54300_0 .net "PCSrc", 1 0, L_0x5f5998c69ce0;  alias, 1 drivers
v0x5f5998c54410_0 .net "PCTarget", 31 0, L_0x5f5998c67780;  1 drivers
v0x5f5998c54520_0 .net "RD1_out", 31 0, L_0x5f5998c68070;  1 drivers
v0x5f5998c54630_0 .net "ReadData", 31 0, L_0x5f5998c6a200;  alias, 1 drivers
v0x5f5998c54740_0 .net "RegWrite", 0 0, v0x5f5998c4b8c0_0;  alias, 1 drivers
v0x5f5998c547e0_0 .net "Result", 31 0, L_0x5f5998c693e0;  1 drivers
v0x5f5998c548f0_0 .net "ResultSrc", 1 0, v0x5f5998c4b960_0;  alias, 1 drivers
v0x5f5998c54ac0_0 .net "SrcA", 31 0, L_0x5f5998c68d90;  1 drivers
v0x5f5998c54bd0_0 .net "SrcB", 31 0, L_0x5f5998c68ec0;  1 drivers
v0x5f5998c54ce0_0 .net "WriteData", 31 0, L_0x5f5998c685d0;  alias, 1 drivers
v0x5f5998c54da0_0 .net "Zero", 0 0, L_0x5f5998c68b40;  alias, 1 drivers
v0x5f5998c54e90_0 .net *"_ivl_3", 30 0, L_0x5f5998c67cb0;  1 drivers
L_0x7c86d0b23138 .functor BUFT 1, C4<0>, C4<0>, C4<0>, C4<0>;
v0x5f5998c54f70_0 .net/2u *"_ivl_4", 0 0, L_0x7c86d0b23138;  1 drivers
v0x5f5998c55050_0 .net "bge_flag", 0 0, L_0x5f5998c68cf0;  alias, 1 drivers
v0x5f5998c55140_0 .net "clk", 0 0, v0x5f5998c570e0_0;  alias, 1 drivers
v0x5f5998c551e0_0 .net "rst", 0 0, v0x5f5998c573e0_0;  alias, 1 drivers
L_0x5f5998c67cb0 .part v0x5f5998c4ffb0_0, 1, 31;
L_0x5f5998c67d50 .concat [ 1 31 0 0], L_0x7c86d0b23138, L_0x5f5998c67cb0;
L_0x5f5998c687b0 .part L_0x5f5998c6a450, 15, 5;
L_0x5f5998c68850 .part L_0x5f5998c6a450, 20, 5;
L_0x5f5998c688f0 .part L_0x5f5998c6a450, 7, 5;
L_0x5f5998c68990 .part L_0x5f5998c6a450, 7, 25;
S_0x5f5998c4d490 .scope module, "Ext" "Extender" 10 51, 11 1 0, S_0x5f5998c4d100;
 .timescale -9 -12;
    .port_info 0 /INPUT 25 "in";
    .port_info 1 /INPUT 3 "sel_extend";
    .port_info 2 /OUTPUT 32 "out_Extend";
v0x5f5998c4d720_0 .net "in", 24 0, L_0x5f5998c68990;  1 drivers
v0x5f5998c4d820_0 .var "out_Extend", 31 0;
v0x5f5998c4d900_0 .net "sel_extend", 2 0, v0x5f5998c4b570_0;  alias, 1 drivers
E_0x5f5998bfb150 .event anyedge, v0x5f5998c4b570_0, v0x5f5998c4d720_0;
S_0x5f5998c4daa0 .scope module, "PC_Next" "rff" 10 16, 12 1 0, S_0x5f5998c4d100;
 .timescale -9 -12;
    .port_info 0 /INPUT 32 "in";
    .port_info 1 /INPUT 1 "clk";
    .port_info 2 /INPUT 1 "rst";
    .port_info 3 /OUTPUT 32 "out";
P_0x5f5998c4dc80 .param/l "WIDTH" 0 12 1, +C4<00000000000000000000000000100000>;
v0x5f5998c4dde0_0 .net "clk", 0 0, v0x5f5998c570e0_0;  alias, 1 drivers
v0x5f5998c4deb0_0 .net "in", 31 0, L_0x5f5998c67c10;  alias, 1 drivers
v0x5f5998c4df70_0 .var "out", 31 0;
v0x5f5998c4e070_0 .net "rst", 0 0, v0x5f5998c573e0_0;  alias, 1 drivers
S_0x5f5998c4e1c0 .scope module, "PC_Plus4" "adder" 10 22, 13 1 0, S_0x5f5998c4d100;
 .timescale -9 -12;
    .port_info 0 /INPUT 32 "in0";
    .port_info 1 /INPUT 32 "in1";
    .port_info 2 /OUTPUT 32 "sum";
P_0x5f5998c4e3a0 .param/l "WIDTH" 0 13 1, +C4<00000000000000000000000000100000>;
v0x5f5998c4e4c0_0 .net "in0", 31 0, v0x5f5998c4df70_0;  alias, 1 drivers
L_0x7c86d0b23018 .functor BUFT 1, C4<00000000000000000000000000000100>, C4<0>, C4<0>, C4<0>;
v0x5f5998c4e5f0_0 .net "in1", 31 0, L_0x7c86d0b23018;  1 drivers
v0x5f5998c4e6d0_0 .net "sum", 31 0, L_0x5f5998c57510;  alias, 1 drivers
L_0x5f5998c57510 .arith/sum 32, v0x5f5998c4df70_0, L_0x7c86d0b23018;
S_0x5f5998c4e810 .scope module, "PC_RD1Mux" "Mux2_1" 10 67, 14 1 0, S_0x5f5998c4d100;
 .timescale -9 -12;
    .port_info 0 /INPUT 32 "in0";
    .port_info 1 /INPUT 32 "in1";
    .port_info 2 /INPUT 1 "sel";
    .port_info 3 /OUTPUT 32 "out";
P_0x5f5998c4e9f0 .param/l "WIDTH" 0 14 1, +C4<00000000000000000000000000100000>;
v0x5f5998c4eaf0_0 .net "in0", 31 0, L_0x5f5998c68070;  alias, 1 drivers
v0x5f5998c4ebd0_0 .net "in1", 31 0, v0x5f5998c4df70_0;  alias, 1 drivers
v0x5f5998c4ec90_0 .net "out", 31 0, L_0x5f5998c68d90;  alias, 1 drivers
v0x5f5998c4ed80_0 .net "sel", 0 0, v0x5f5998c4b370_0;  alias, 1 drivers
L_0x5f5998c68d90 .functor MUXZ 32, L_0x5f5998c68070, v0x5f5998c4df70_0, v0x5f5998c4b370_0, C4<>;
S_0x5f5998c4eef0 .scope module, "PC_Target" "adder" 10 27, 13 1 0, S_0x5f5998c4d100;
 .timescale -9 -12;
    .port_info 0 /INPUT 32 "in0";
    .port_info 1 /INPUT 32 "in1";
    .port_info 2 /OUTPUT 32 "sum";
P_0x5f5998c4f120 .param/l "WIDTH" 0 13 1, +C4<00000000000000000000000000100000>;
v0x5f5998c4f230_0 .net "in0", 31 0, v0x5f5998c4df70_0;  alias, 1 drivers
v0x5f5998c4f310_0 .net "in1", 31 0, v0x5f5998c4d820_0;  alias, 1 drivers
v0x5f5998c4f3d0_0 .net "sum", 31 0, L_0x5f5998c67780;  alias, 1 drivers
L_0x5f5998c67780 .arith/sum 32, v0x5f5998c4df70_0, v0x5f5998c4d820_0;
S_0x5f5998c4f520 .scope module, "addMux" "Mux2_1" 10 74, 14 1 0, S_0x5f5998c4d100;
 .timescale -9 -12;
    .port_info 0 /INPUT 32 "in0";
    .port_info 1 /INPUT 32 "in1";
    .port_info 2 /INPUT 1 "sel";
    .port_info 3 /OUTPUT 32 "out";
P_0x5f5998c4f6b0 .param/l "WIDTH" 0 14 1, +C4<00000000000000000000000000100000>;
v0x5f5998c4f840_0 .net "in0", 31 0, L_0x5f5998c685d0;  alias, 1 drivers
v0x5f5998c4f930_0 .net "in1", 31 0, v0x5f5998c4d820_0;  alias, 1 drivers
v0x5f5998c4fa20_0 .net "out", 31 0, L_0x5f5998c68ec0;  alias, 1 drivers
v0x5f5998c4fae0_0 .net "sel", 0 0, v0x5f5998c4b410_0;  alias, 1 drivers
L_0x5f5998c68ec0 .functor MUXZ 32, L_0x5f5998c685d0, v0x5f5998c4d820_0, v0x5f5998c4b410_0, C4<>;
S_0x5f5998c4fc50 .scope module, "alu" "ALU" 10 58, 15 1 0, S_0x5f5998c4d100;
 .timescale -9 -12;
    .port_info 0 /INPUT 32 "in0";
    .port_info 1 /INPUT 32 "in1";
    .port_info 2 /INPUT 3 "op";
    .port_info 3 /OUTPUT 1 "Zero";
    .port_info 4 /OUTPUT 1 "bge_flag";
    .port_info 5 /OUTPUT 32 "Result";
P_0x5f5998c4fe30 .param/l "WIDTH" 0 15 1, +C4<00000000000000000000000000100000>;
v0x5f5998c4ffb0_0 .var "Result", 31 0;
v0x5f5998c500c0_0 .net "Zero", 0 0, L_0x5f5998c68b40;  alias, 1 drivers
L_0x7c86d0b23330 .functor BUFT 1, C4<00000000000000000000000000000000>, C4<0>, C4<0>, C4<0>;
v0x5f5998c50190_0 .net/2u *"_ivl_0", 31 0, L_0x7c86d0b23330;  1 drivers
v0x5f5998c50260_0 .net "bge_flag", 0 0, L_0x5f5998c68cf0;  alias, 1 drivers
v0x5f5998c50330_0 .net "in0", 31 0, L_0x5f5998c68d90;  alias, 1 drivers
v0x5f5998c50420_0 .net "in1", 31 0, L_0x5f5998c68ec0;  alias, 1 drivers
v0x5f5998c504f0_0 .net "op", 2 0, v0x5f5998c4ab60_0;  alias, 1 drivers
E_0x5f5998bfac90 .event anyedge, v0x5f5998c4ab60_0, v0x5f5998c4ec90_0, v0x5f5998c4fa20_0;
L_0x5f5998c68b40 .cmp/eq 32, v0x5f5998c4ffb0_0, L_0x7c86d0b23330;
L_0x5f5998c68cf0 .part v0x5f5998c4ffb0_0, 0, 1;
S_0x5f5998c50680 .scope module, "datamux" "Mux3_1" 10 80, 16 1 0, S_0x5f5998c4d100;
 .timescale -9 -12;
    .port_info 0 /INPUT 32 "in0";
    .port_info 1 /INPUT 32 "in1";
    .port_info 2 /INPUT 32 "in2";
    .port_info 3 /INPUT 2 "sel";
    .port_info 4 /OUTPUT 32 "out";
P_0x5f5998c50860 .param/l "WIDTH" 0 16 1, +C4<00000000000000000000000000100000>;
L_0x7c86d0b23378 .functor BUFT 1, C4<00>, C4<0>, C4<0>, C4<0>;
v0x5f5998c509b0_0 .net/2u *"_ivl_0", 1 0, L_0x7c86d0b23378;  1 drivers
v0x5f5998c50ab0_0 .net *"_ivl_10", 0 0, L_0x5f5998c691b0;  1 drivers
v0x5f5998c50b70_0 .net *"_ivl_12", 31 0, L_0x5f5998c692f0;  1 drivers
v0x5f5998c50c60_0 .net *"_ivl_2", 0 0, L_0x5f5998c69070;  1 drivers
v0x5f5998c50d20_0 .net *"_ivl_4", 31 0, L_0x5f5998c69110;  1 drivers
L_0x7c86d0b233c0 .functor BUFT 1, C4<000000000000000000000000000000>, C4<0>, C4<0>, C4<0>;
v0x5f5998c50e50_0 .net *"_ivl_7", 29 0, L_0x7c86d0b233c0;  1 drivers
L_0x7c86d0b23408 .functor BUFT 1, C4<00000000000000000000000000000001>, C4<0>, C4<0>, C4<0>;
v0x5f5998c50f30_0 .net/2u *"_ivl_8", 31 0, L_0x7c86d0b23408;  1 drivers
v0x5f5998c51010_0 .net "in0", 31 0, v0x5f5998c4ffb0_0;  alias, 1 drivers
v0x5f5998c51120_0 .net "in1", 31 0, L_0x5f5998c6a200;  alias, 1 drivers
v0x5f5998c511e0_0 .net "in2", 31 0, L_0x5f5998c57510;  alias, 1 drivers
v0x5f5998c51280_0 .net "out", 31 0, L_0x5f5998c693e0;  alias, 1 drivers
v0x5f5998c51340_0 .net "sel", 1 0, v0x5f5998c4b960_0;  alias, 1 drivers
L_0x5f5998c69070 .cmp/eq 2, v0x5f5998c4b960_0, L_0x7c86d0b23378;
L_0x5f5998c69110 .concat [ 2 30 0 0], v0x5f5998c4b960_0, L_0x7c86d0b233c0;
L_0x5f5998c691b0 .cmp/eq 32, L_0x5f5998c69110, L_0x7c86d0b23408;
L_0x5f5998c692f0 .functor MUXZ 32, L_0x5f5998c57510, L_0x5f5998c6a200, L_0x5f5998c691b0, C4<>;
L_0x5f5998c693e0 .functor MUXZ 32, L_0x5f5998c692f0, v0x5f5998c4ffb0_0, L_0x5f5998c69070, C4<>;
S_0x5f5998c514a0 .scope module, "pcmux" "Mux3_1" 10 32, 16 1 0, S_0x5f5998c4d100;
 .timescale -9 -12;
    .port_info 0 /INPUT 32 "in0";
    .port_info 1 /INPUT 32 "in1";
    .port_info 2 /INPUT 32 "in2";
    .port_info 3 /INPUT 2 "sel";
    .port_info 4 /OUTPUT 32 "out";
P_0x5f5998c4f0d0 .param/l "WIDTH" 0 16 1, +C4<00000000000000000000000000100000>;
L_0x7c86d0b23060 .functor BUFT 1, C4<00>, C4<0>, C4<0>, C4<0>;
v0x5f5998c518a0_0 .net/2u *"_ivl_0", 1 0, L_0x7c86d0b23060;  1 drivers
v0x5f5998c519a0_0 .net *"_ivl_10", 0 0, L_0x5f5998c67a10;  1 drivers
v0x5f5998c51a60_0 .net *"_ivl_12", 31 0, L_0x5f5998c67ab0;  1 drivers
v0x5f5998c51b50_0 .net *"_ivl_2", 0 0, L_0x5f5998c67840;  1 drivers
v0x5f5998c51c10_0 .net *"_ivl_4", 31 0, L_0x5f5998c67970;  1 drivers
L_0x7c86d0b230a8 .functor BUFT 1, C4<000000000000000000000000000000>, C4<0>, C4<0>, C4<0>;
v0x5f5998c51d40_0 .net *"_ivl_7", 29 0, L_0x7c86d0b230a8;  1 drivers
L_0x7c86d0b230f0 .functor BUFT 1, C4<00000000000000000000000000000001>, C4<0>, C4<0>, C4<0>;
v0x5f5998c51e20_0 .net/2u *"_ivl_8", 31 0, L_0x7c86d0b230f0;  1 drivers
v0x5f5998c51f00_0 .net "in0", 31 0, L_0x5f5998c57510;  alias, 1 drivers
v0x5f5998c52010_0 .net "in1", 31 0, L_0x5f5998c67780;  alias, 1 drivers
v0x5f5998c520d0_0 .net "in2", 31 0, L_0x5f5998c67d50;  1 drivers
v0x5f5998c52190_0 .net "out", 31 0, L_0x5f5998c67c10;  alias, 1 drivers
v0x5f5998c52250_0 .net "sel", 1 0, L_0x5f5998c69ce0;  alias, 1 drivers
L_0x5f5998c67840 .cmp/eq 2, L_0x5f5998c69ce0, L_0x7c86d0b23060;
L_0x5f5998c67970 .concat [ 2 30 0 0], L_0x5f5998c69ce0, L_0x7c86d0b230a8;
L_0x5f5998c67a10 .cmp/eq 32, L_0x5f5998c67970, L_0x7c86d0b230f0;
L_0x5f5998c67ab0 .functor MUXZ 32, L_0x5f5998c67d50, L_0x5f5998c67780, L_0x5f5998c67a10, C4<>;
L_0x5f5998c67c10 .functor MUXZ 32, L_0x5f5998c67ab0, L_0x5f5998c57510, L_0x5f5998c67840, C4<>;
S_0x5f5998c523d0 .scope module, "regf" "RegFile" 10 41, 17 1 0, S_0x5f5998c4d100;
 .timescale -9 -12;
    .port_info 0 /INPUT 1 "clk";
    .port_info 1 /INPUT 5 "A1";
    .port_info 2 /INPUT 5 "A2";
    .port_info 3 /INPUT 5 "A3";
    .port_info 4 /INPUT 32 "WD3";
    .port_info 5 /INPUT 1 "WE3";
    .port_info 6 /OUTPUT 32 "RD1";
    .port_info 7 /OUTPUT 32 "RD2";
v0x5f5998c52680_0 .net "A1", 4 0, L_0x5f5998c687b0;  1 drivers
v0x5f5998c52780_0 .net "A2", 4 0, L_0x5f5998c68850;  1 drivers
v0x5f5998c52860_0 .net "A3", 4 0, L_0x5f5998c688f0;  1 drivers
v0x5f5998c52920_0 .net "RD1", 31 0, L_0x5f5998c68070;  alias, 1 drivers
v0x5f5998c52a10_0 .net "RD2", 31 0, L_0x5f5998c685d0;  alias, 1 drivers
v0x5f5998c52b50 .array "RF", 0 31, 31 0;
v0x5f5998c52c10_0 .net "WD3", 31 0, L_0x5f5998c693e0;  alias, 1 drivers
v0x5f5998c52cd0_0 .net "WE3", 0 0, v0x5f5998c4b8c0_0;  alias, 1 drivers
L_0x7c86d0b23180 .functor BUFT 1, C4<00000>, C4<0>, C4<0>, C4<0>;
v0x5f5998c52dc0_0 .net/2u *"_ivl_0", 4 0, L_0x7c86d0b23180;  1 drivers
L_0x7c86d0b23210 .functor BUFT 1, C4<00000000000000000000000000000000>, C4<0>, C4<0>, C4<0>;
v0x5f5998c52f10_0 .net/2u *"_ivl_10", 31 0, L_0x7c86d0b23210;  1 drivers
L_0x7c86d0b23258 .functor BUFT 1, C4<00000>, C4<0>, C4<0>, C4<0>;
v0x5f5998c52ff0_0 .net/2u *"_ivl_14", 4 0, L_0x7c86d0b23258;  1 drivers
v0x5f5998c530d0_0 .net *"_ivl_16", 0 0, L_0x5f5998c682c0;  1 drivers
v0x5f5998c53190_0 .net *"_ivl_18", 31 0, L_0x5f5998c68360;  1 drivers
v0x5f5998c53270_0 .net *"_ivl_2", 0 0, L_0x5f5998c67df0;  1 drivers
v0x5f5998c53330_0 .net *"_ivl_20", 6 0, L_0x5f5998c68440;  1 drivers
L_0x7c86d0b232a0 .functor BUFT 1, C4<00>, C4<0>, C4<0>, C4<0>;
v0x5f5998c53410_0 .net *"_ivl_23", 1 0, L_0x7c86d0b232a0;  1 drivers
L_0x7c86d0b232e8 .functor BUFT 1, C4<00000000000000000000000000000000>, C4<0>, C4<0>, C4<0>;
v0x5f5998c534f0_0 .net/2u *"_ivl_24", 31 0, L_0x7c86d0b232e8;  1 drivers
v0x5f5998c536e0_0 .net *"_ivl_4", 31 0, L_0x5f5998c67e90;  1 drivers
v0x5f5998c537c0_0 .net *"_ivl_6", 6 0, L_0x5f5998c67f30;  1 drivers
L_0x7c86d0b231c8 .functor BUFT 1, C4<00>, C4<0>, C4<0>, C4<0>;
v0x5f5998c538a0_0 .net *"_ivl_9", 1 0, L_0x7c86d0b231c8;  1 drivers
v0x5f5998c53980_0 .net "clk", 0 0, v0x5f5998c570e0_0;  alias, 1 drivers
L_0x5f5998c67df0 .cmp/ne 5, L_0x5f5998c687b0, L_0x7c86d0b23180;
L_0x5f5998c67e90 .array/port v0x5f5998c52b50, L_0x5f5998c67f30;
L_0x5f5998c67f30 .concat [ 5 2 0 0], L_0x5f5998c687b0, L_0x7c86d0b231c8;
L_0x5f5998c68070 .functor MUXZ 32, L_0x7c86d0b23210, L_0x5f5998c67e90, L_0x5f5998c67df0, C4<>;
L_0x5f5998c682c0 .cmp/ne 5, L_0x5f5998c68850, L_0x7c86d0b23258;
L_0x5f5998c68360 .array/port v0x5f5998c52b50, L_0x5f5998c68440;
L_0x5f5998c68440 .concat [ 5 2 0 0], L_0x5f5998c68850, L_0x7c86d0b232a0;
L_0x5f5998c685d0 .functor MUXZ 32, L_0x7c86d0b232e8, L_0x5f5998c68360, L_0x5f5998c682c0, C4<>;
    .scope S_0x5f5998c4daa0;
T_1 ;
    %wait E_0x5f5998bf9f90;
    %load/vec4 v0x5f5998c4e070_0;
    %flag_set/vec4 8;
    %jmp/0xz  T_1.0, 8;
    %pushi/vec4 0, 0, 32;
    %assign/vec4 v0x5f5998c4df70_0, 0;
    %jmp T_1.1;
T_1.0 ;
    %load/vec4 v0x5f5998c4deb0_0;
    %assign/vec4 v0x5f5998c4df70_0, 0;
T_1.1 ;
    %jmp T_1;
    .thread T_1;
    .scope S_0x5f5998c523d0;
T_2 ;
    %wait E_0x5f5998bf9f90;
    %load/vec4 v0x5f5998c52cd0_0;
    %flag_set/vec4 8;
    %jmp/0xz  T_2.0, 8;
    %load/vec4 v0x5f5998c52c10_0;
    %load/vec4 v0x5f5998c52860_0;
    %pad/u 7;
    %ix/vec4 3;
    %ix/load 4, 0, 0; Constant delay
    %assign/vec4/a/d v0x5f5998c52b50, 0, 4;
T_2.0 ;
    %jmp T_2;
    .thread T_2;
    .scope S_0x5f5998c4d490;
T_3 ;
    %wait E_0x5f5998bfb150;
    %load/vec4 v0x5f5998c4d900_0;
    %dup/vec4;
    %pushi/vec4 0, 0, 3;
    %cmp/u;
    %jmp/1 T_3.0, 6;
    %dup/vec4;
    %pushi/vec4 1, 0, 3;
    %cmp/u;
    %jmp/1 T_3.1, 6;
    %dup/vec4;
    %pushi/vec4 2, 0, 3;
    %cmp/u;
    %jmp/1 T_3.2, 6;
    %dup/vec4;
    %pushi/vec4 3, 0, 3;
    %cmp/u;
    %jmp/1 T_3.3, 6;
    %dup/vec4;
    %pushi/vec4 4, 0, 3;
    %cmp/u;
    %jmp/1 T_3.4, 6;
    %jmp T_3.5;
T_3.0 ;
    %load/vec4 v0x5f5998c4d720_0;
    %parti/s 1, 24, 6;
    %replicate 20;
    %load/vec4 v0x5f5998c4d720_0;
    %parti/s 12, 13, 5;
    %concat/vec4; draw_concat_vec4
    %store/vec4 v0x5f5998c4d820_0, 0, 32;
    %jmp T_3.5;
T_3.1 ;
    %load/vec4 v0x5f5998c4d720_0;
    %parti/s 1, 24, 6;
    %replicate 20;
    %load/vec4 v0x5f5998c4d720_0;
    %parti/s 7, 18, 6;
    %concat/vec4; draw_concat_vec4
    %load/vec4 v0x5f5998c4d720_0;
    %parti/s 5, 0, 2;
    %concat/vec4; draw_concat_vec4
    %store/vec4 v0x5f5998c4d820_0, 0, 32;
    %jmp T_3.5;
T_3.2 ;
    %load/vec4 v0x5f5998c4d720_0;
    %parti/s 1, 24, 6;
    %replicate 19;
    %load/vec4 v0x5f5998c4d720_0;
    %parti/s 1, 24, 6;
    %concat/vec4; draw_concat_vec4
    %load/vec4 v0x5f5998c4d720_0;
    %parti/s 1, 0, 2;
    %concat/vec4; draw_concat_vec4
    %load/vec4 v0x5f5998c4d720_0;
    %parti/s 6, 18, 6;
    %concat/vec4; draw_concat_vec4
    %load/vec4 v0x5f5998c4d720_0;
    %parti/s 4, 1, 2;
    %concat/vec4; draw_concat_vec4
    %concati/vec4 0, 0, 1;
    %store/vec4 v0x5f5998c4d820_0, 0, 32;
    %jmp T_3.5;
T_3.3 ;
    %load/vec4 v0x5f5998c4d720_0;
    %parti/s 1, 24, 6;
    %replicate 12;
    %load/vec4 v0x5f5998c4d720_0;
    %parti/s 8, 5, 4;
    %concat/vec4; draw_concat_vec4
    %load/vec4 v0x5f5998c4d720_0;
    %parti/s 1, 13, 5;
    %concat/vec4; draw_concat_vec4
    %load/vec4 v0x5f5998c4d720_0;
    %parti/s 10, 14, 5;
    %concat/vec4; draw_concat_vec4
    %concati/vec4 0, 0, 1;
    %store/vec4 v0x5f5998c4d820_0, 0, 32;
    %jmp T_3.5;
T_3.4 ;
    %load/vec4 v0x5f5998c4d720_0;
    %parti/s 20, 5, 4;
    %concati/vec4 0, 0, 12;
    %store/vec4 v0x5f5998c4d820_0, 0, 32;
    %jmp T_3.5;
T_3.5 ;
    %pop/vec4 1;
    %jmp T_3;
    .thread T_3, $push;
    .scope S_0x5f5998c4fc50;
T_4 ;
    %wait E_0x5f5998bfac90;
    %load/vec4 v0x5f5998c504f0_0;
    %dup/vec4;
    %pushi/vec4 0, 0, 3;
    %cmp/u;
    %jmp/1 T_4.0, 6;
    %dup/vec4;
    %pushi/vec4 1, 0, 3;
    %cmp/u;
    %jmp/1 T_4.1, 6;
    %dup/vec4;
    %pushi/vec4 2, 0, 3;
    %cmp/u;
    %jmp/1 T_4.2, 6;
    %dup/vec4;
    %pushi/vec4 3, 0, 3;
    %cmp/u;
    %jmp/1 T_4.3, 6;
    %dup/vec4;
    %pushi/vec4 4, 0, 3;
    %cmp/u;
    %jmp/1 T_4.4, 6;
    %dup/vec4;
    %pushi/vec4 5, 0, 3;
    %cmp/u;
    %jmp/1 T_4.5, 6;
    %dup/vec4;
    %pushi/vec4 6, 0, 3;
    %cmp/u;
    %jmp/1 T_4.6, 6;
    %dup/vec4;
    %pushi/vec4 7, 0, 3;
    %cmp/u;
    %jmp/1 T_4.7, 6;
    %jmp T_4.8;
T_4.0 ;
    %load/vec4 v0x5f5998c50330_0;
    %load/vec4 v0x5f5998c50420_0;
    %add;
    %store/vec4 v0x5f5998c4ffb0_0, 0, 32;
    %jmp T_4.8;
T_4.1 ;
    %load/vec4 v0x5f5998c50330_0;
    %load/vec4 v0x5f5998c50420_0;
    %sub;
    %store/vec4 v0x5f5998c4ffb0_0, 0, 32;
    %jmp T_4.8;
T_4.2 ;
    %load/vec4 v0x5f5998c50330_0;
    %load/vec4 v0x5f5998c50420_0;
    %and;
    %store/vec4 v0x5f5998c4ffb0_0, 0, 32;
    %jmp T_4.8;
T_4.3 ;
    %load/vec4 v0x5f5998c50330_0;
    %load/vec4 v0x5f5998c50420_0;
    %or;
    %store/vec4 v0x5f5998c4ffb0_0, 0, 32;
    %jmp T_4.8;
T_4.4 ;
    %load/vec4 v0x5f5998c50330_0;
    %load/vec4 v0x5f5998c50420_0;
    %cmp/s;
    %flag_mov 8, 5;
    %jmp/0 T_4.9, 8;
    %pushi/vec4 1, 0, 32;
    %jmp/1 T_4.10, 8;
T_4.9 ; End of true expr.
    %pushi/vec4 0, 0, 32;
    %jmp/0 T_4.10, 8;
 ; End of false expr.
    %blend;
T_4.10;
    %store/vec4 v0x5f5998c4ffb0_0, 0, 32;
    %jmp T_4.8;
T_4.5 ;
    %load/vec4 v0x5f5998c50330_0;
    %load/vec4 v0x5f5998c50420_0;
    %parti/s 5, 0, 2;
    %ix/vec4 4;
    %shiftl 4;
    %store/vec4 v0x5f5998c4ffb0_0, 0, 32;
    %jmp T_4.8;
T_4.6 ;
    %load/vec4 v0x5f5998c50330_0;
    %load/vec4 v0x5f5998c50420_0;
    %parti/s 5, 0, 2;
    %ix/vec4 4;
    %shiftr 4;
    %store/vec4 v0x5f5998c4ffb0_0, 0, 32;
    %jmp T_4.8;
T_4.7 ;
    %load/vec4 v0x5f5998c50330_0;
    %load/vec4 v0x5f5998c50420_0;
    %parti/s 5, 0, 2;
    %ix/vec4 4;
    %shiftr/s 4;
    %store/vec4 v0x5f5998c4ffb0_0, 0, 32;
    %jmp T_4.8;
T_4.8 ;
    %pop/vec4 1;
    %jmp T_4;
    .thread T_4, $push;
    .scope S_0x5f5998c4b070;
T_5 ;
    %wait E_0x5f5998bf9b10;
    %load/vec4 v0x5f5998c4ba40_0;
    %dup/vec4;
    %pushi/vec4 3, 0, 7;
    %cmp/u;
    %jmp/1 T_5.0, 6;
    %dup/vec4;
    %pushi/vec4 35, 0, 7;
    %cmp/u;
    %jmp/1 T_5.1, 6;
    %dup/vec4;
    %pushi/vec4 51, 0, 7;
    %cmp/u;
    %jmp/1 T_5.2, 6;
    %dup/vec4;
    %pushi/vec4 99, 0, 7;
    %cmp/u;
    %jmp/1 T_5.3, 6;
    %dup/vec4;
    %pushi/vec4 19, 0, 7;
    %cmp/u;
    %jmp/1 T_5.4, 6;
    %dup/vec4;
    %pushi/vec4 111, 0, 7;
    %cmp/u;
    %jmp/1 T_5.5, 6;
    %dup/vec4;
    %pushi/vec4 103, 0, 7;
    %cmp/u;
    %jmp/1 T_5.6, 6;
    %dup/vec4;
    %pushi/vec4 23, 0, 7;
    %cmp/u;
    %jmp/1 T_5.7, 6;
    %pushi/vec4 0, 0, 13;
    %split/vec4 1;
    %store/vec4 v0x5f5998c4b760_0, 0, 1;
    %split/vec4 2;
    %store/vec4 v0x5f5998c4b290_0, 0, 2;
    %split/vec4 1;
    %store/vec4 v0x5f5998c4b4b0_0, 0, 1;
    %split/vec4 2;
    %store/vec4 v0x5f5998c4b960_0, 0, 2;
    %split/vec4 1;
    %store/vec4 v0x5f5998c4b820_0, 0, 1;
    %split/vec4 1;
    %store/vec4 v0x5f5998c4b370_0, 0, 1;
    %split/vec4 1;
    %store/vec4 v0x5f5998c4b410_0, 0, 1;
    %split/vec4 3;
    %store/vec4 v0x5f5998c4b570_0, 0, 3;
    %store/vec4 v0x5f5998c4b8c0_0, 0, 1;
    %jmp T_5.9;
T_5.0 ;
    %pushi/vec4 8736, 0, 14;
    %split/vec4 1;
    %store/vec4 v0x5f5998c4b6a0_0, 0, 1;
    %split/vec4 1;
    %store/vec4 v0x5f5998c4b760_0, 0, 1;
    %split/vec4 2;
    %store/vec4 v0x5f5998c4b290_0, 0, 2;
    %split/vec4 1;
    %store/vec4 v0x5f5998c4b4b0_0, 0, 1;
    %split/vec4 2;
    %store/vec4 v0x5f5998c4b960_0, 0, 2;
    %split/vec4 1;
    %store/vec4 v0x5f5998c4b820_0, 0, 1;
    %split/vec4 1;
    %store/vec4 v0x5f5998c4b370_0, 0, 1;
    %split/vec4 1;
    %store/vec4 v0x5f5998c4b410_0, 0, 1;
    %split/vec4 3;
    %store/vec4 v0x5f5998c4b570_0, 0, 3;
    %store/vec4 v0x5f5998c4b8c0_0, 0, 1;
    %jmp T_5.9;
T_5.1 ;
    %pushi/vec4 1760, 96, 14;
    %split/vec4 1;
    %store/vec4 v0x5f5998c4b6a0_0, 0, 1;
    %split/vec4 1;
    %store/vec4 v0x5f5998c4b760_0, 0, 1;
    %split/vec4 2;
    %store/vec4 v0x5f5998c4b290_0, 0, 2;
    %split/vec4 1;
    %store/vec4 v0x5f5998c4b4b0_0, 0, 1;
    %split/vec4 2;
    %store/vec4 v0x5f5998c4b960_0, 0, 2;
    %split/vec4 1;
    %store/vec4 v0x5f5998c4b820_0, 0, 1;
    %split/vec4 1;
    %store/vec4 v0x5f5998c4b370_0, 0, 1;
    %split/vec4 1;
    %store/vec4 v0x5f5998c4b410_0, 0, 1;
    %split/vec4 3;
    %store/vec4 v0x5f5998c4b570_0, 0, 3;
    %store/vec4 v0x5f5998c4b8c0_0, 0, 1;
    %jmp T_5.9;
T_5.2 ;
    %pushi/vec4 11272, 3072, 14;
    %split/vec4 1;
    %store/vec4 v0x5f5998c4b6a0_0, 0, 1;
    %split/vec4 1;
    %store/vec4 v0x5f5998c4b760_0, 0, 1;
    %split/vec4 2;
    %store/vec4 v0x5f5998c4b290_0, 0, 2;
    %split/vec4 1;
    %store/vec4 v0x5f5998c4b4b0_0, 0, 1;
    %split/vec4 2;
    %store/vec4 v0x5f5998c4b960_0, 0, 2;
    %split/vec4 1;
    %store/vec4 v0x5f5998c4b820_0, 0, 1;
    %split/vec4 1;
    %store/vec4 v0x5f5998c4b370_0, 0, 1;
    %split/vec4 1;
    %store/vec4 v0x5f5998c4b410_0, 0, 1;
    %split/vec4 3;
    %store/vec4 v0x5f5998c4b570_0, 0, 3;
    %store/vec4 v0x5f5998c4b8c0_0, 0, 1;
    %jmp T_5.9;
T_5.3 ;
    %pushi/vec4 2164, 96, 14;
    %split/vec4 1;
    %store/vec4 v0x5f5998c4b6a0_0, 0, 1;
    %split/vec4 1;
    %store/vec4 v0x5f5998c4b760_0, 0, 1;
    %split/vec4 2;
    %store/vec4 v0x5f5998c4b290_0, 0, 2;
    %split/vec4 1;
    %store/vec4 v0x5f5998c4b4b0_0, 0, 1;
    %split/vec4 2;
    %store/vec4 v0x5f5998c4b960_0, 0, 2;
    %split/vec4 1;
    %store/vec4 v0x5f5998c4b820_0, 0, 1;
    %split/vec4 1;
    %store/vec4 v0x5f5998c4b370_0, 0, 1;
    %split/vec4 1;
    %store/vec4 v0x5f5998c4b410_0, 0, 1;
    %split/vec4 3;
    %store/vec4 v0x5f5998c4b570_0, 0, 3;
    %store/vec4 v0x5f5998c4b8c0_0, 0, 1;
    %jmp T_5.9;
T_5.4 ;
    %pushi/vec4 8712, 0, 14;
    %split/vec4 1;
    %store/vec4 v0x5f5998c4b6a0_0, 0, 1;
    %split/vec4 1;
    %store/vec4 v0x5f5998c4b760_0, 0, 1;
    %split/vec4 2;
    %store/vec4 v0x5f5998c4b290_0, 0, 2;
    %split/vec4 1;
    %store/vec4 v0x5f5998c4b4b0_0, 0, 1;
    %split/vec4 2;
    %store/vec4 v0x5f5998c4b960_0, 0, 2;
    %split/vec4 1;
    %store/vec4 v0x5f5998c4b820_0, 0, 1;
    %split/vec4 1;
    %store/vec4 v0x5f5998c4b370_0, 0, 1;
    %split/vec4 1;
    %store/vec4 v0x5f5998c4b410_0, 0, 1;
    %split/vec4 3;
    %store/vec4 v0x5f5998c4b570_0, 0, 3;
    %store/vec4 v0x5f5998c4b8c0_0, 0, 1;
    %jmp T_5.9;
T_5.5 ;
    %pushi/vec4 11854, 524, 14;
    %split/vec4 1;
    %store/vec4 v0x5f5998c4b6a0_0, 0, 1;
    %split/vec4 1;
    %store/vec4 v0x5f5998c4b760_0, 0, 1;
    %split/vec4 2;
    %store/vec4 v0x5f5998c4b290_0, 0, 2;
    %split/vec4 1;
    %store/vec4 v0x5f5998c4b4b0_0, 0, 1;
    %split/vec4 2;
    %store/vec4 v0x5f5998c4b960_0, 0, 2;
    %split/vec4 1;
    %store/vec4 v0x5f5998c4b820_0, 0, 1;
    %split/vec4 1;
    %store/vec4 v0x5f5998c4b370_0, 0, 1;
    %split/vec4 1;
    %store/vec4 v0x5f5998c4b410_0, 0, 1;
    %split/vec4 3;
    %store/vec4 v0x5f5998c4b570_0, 0, 3;
    %store/vec4 v0x5f5998c4b8c0_0, 0, 1;
    %jmp T_5.9;
T_5.6 ;
    %pushi/vec4 8897, 128, 14;
    %split/vec4 1;
    %store/vec4 v0x5f5998c4b6a0_0, 0, 1;
    %split/vec4 1;
    %store/vec4 v0x5f5998c4b760_0, 0, 1;
    %split/vec4 2;
    %store/vec4 v0x5f5998c4b290_0, 0, 2;
    %split/vec4 1;
    %store/vec4 v0x5f5998c4b4b0_0, 0, 1;
    %split/vec4 2;
    %store/vec4 v0x5f5998c4b960_0, 0, 2;
    %split/vec4 1;
    %store/vec4 v0x5f5998c4b820_0, 0, 1;
    %split/vec4 1;
    %store/vec4 v0x5f5998c4b370_0, 0, 1;
    %split/vec4 1;
    %store/vec4 v0x5f5998c4b410_0, 0, 1;
    %split/vec4 3;
    %store/vec4 v0x5f5998c4b570_0, 0, 3;
    %store/vec4 v0x5f5998c4b8c0_0, 0, 1;
    %jmp T_5.9;
T_5.7 ;
    %pushi/vec4 13056, 0, 14;
    %split/vec4 1;
    %store/vec4 v0x5f5998c4b6a0_0, 0, 1;
    %split/vec4 1;
    %store/vec4 v0x5f5998c4b760_0, 0, 1;
    %split/vec4 2;
    %store/vec4 v0x5f5998c4b290_0, 0, 2;
    %split/vec4 1;
    %store/vec4 v0x5f5998c4b4b0_0, 0, 1;
    %split/vec4 2;
    %store/vec4 v0x5f5998c4b960_0, 0, 2;
    %split/vec4 1;
    %store/vec4 v0x5f5998c4b820_0, 0, 1;
    %split/vec4 1;
    %store/vec4 v0x5f5998c4b370_0, 0, 1;
    %split/vec4 1;
    %store/vec4 v0x5f5998c4b410_0, 0, 1;
    %split/vec4 3;
    %store/vec4 v0x5f5998c4b570_0, 0, 3;
    %store/vec4 v0x5f5998c4b8c0_0, 0, 1;
    %jmp T_5.9;
T_5.9 ;
    %pop/vec4 1;
    %jmp T_5;
    .thread T_5, $push;
    .scope S_0x5f5998c4a8e0;
T_6 ;
    %wait E_0x5f5998bfa6f0;
    %load/vec4 v0x5f5998c4ac60_0;
    %load/vec4 v0x5f5998c4ad40_0;
    %concat/vec4; draw_concat_vec4
    %load/vec4 v0x5f5998c4aec0_0;
    %concat/vec4; draw_concat_vec4
    %load/vec4 v0x5f5998c4ae00_0;
    %concat/vec4; draw_concat_vec4
    %dup/vec4;
    %pushi/vec4 51, 3, 7;
    %cmp/x;
    %jmp/1 T_6.0, 4;
    %dup/vec4;
    %pushi/vec4 55, 3, 7;
    %cmp/x;
    %jmp/1 T_6.1, 4;
    %dup/vec4;
    %pushi/vec4 31, 31, 7;
    %cmp/x;
    %jmp/1 T_6.2, 4;
    %dup/vec4;
    %pushi/vec4 63, 31, 7;
    %cmp/x;
    %jmp/1 T_6.3, 4;
    %dup/vec4;
    %pushi/vec4 67, 0, 7;
    %cmp/x;
    %jmp/1 T_6.4, 4;
    %dup/vec4;
    %pushi/vec4 67, 3, 7;
    %cmp/x;
    %jmp/1 T_6.5, 4;
    %dup/vec4;
    %pushi/vec4 75, 3, 7;
    %cmp/x;
    %jmp/1 T_6.6, 4;
    %dup/vec4;
    %pushi/vec4 91, 3, 7;
    %cmp/x;
    %jmp/1 T_6.7, 4;
    %dup/vec4;
    %pushi/vec4 95, 3, 7;
    %cmp/x;
    %jmp/1 T_6.8, 4;
    %dup/vec4;
    %pushi/vec4 3, 3, 7;
    %cmp/x;
    %jmp/1 T_6.9, 4;
    %dup/vec4;
    %pushi/vec4 70, 2, 7;
    %cmp/x;
    %jmp/1 T_6.10, 4;
    %dup/vec4;
    %pushi/vec4 86, 2, 7;
    %cmp/x;
    %jmp/1 T_6.11, 4;
    %dup/vec4;
    %pushi/vec4 87, 2, 7;
    %cmp/x;
    %jmp/1 T_6.12, 4;
    %pushi/vec4 0, 0, 3;
    %store/vec4 v0x5f5998c4ab60_0, 0, 3;
    %jmp T_6.14;
T_6.0 ;
    %pushi/vec4 4, 0, 3;
    %store/vec4 v0x5f5998c4ab60_0, 0, 3;
    %jmp T_6.14;
T_6.1 ;
    %pushi/vec4 4, 0, 3;
    %store/vec4 v0x5f5998c4ab60_0, 0, 3;
    %jmp T_6.14;
T_6.2 ;
    %pushi/vec4 0, 0, 3;
    %store/vec4 v0x5f5998c4ab60_0, 0, 3;
    %jmp T_6.14;
T_6.3 ;
    %pushi/vec4 1, 0, 3;
    %store/vec4 v0x5f5998c4ab60_0, 0, 3;
    %jmp T_6.14;
T_6.4 ;
    %pushi/vec4 1, 0, 3;
    %store/vec4 v0x5f5998c4ab60_0, 0, 3;
    %jmp T_6.14;
T_6.5 ;
    %pushi/vec4 0, 0, 3;
    %store/vec4 v0x5f5998c4ab60_0, 0, 3;
    %jmp T_6.14;
T_6.6 ;
    %pushi/vec4 4, 0, 3;
    %store/vec4 v0x5f5998c4ab60_0, 0, 3;
    %jmp T_6.14;
T_6.7 ;
    %pushi/vec4 3, 0, 3;
    %store/vec4 v0x5f5998c4ab60_0, 0, 3;
    %jmp T_6.14;
T_6.8 ;
    %pushi/vec4 2, 0, 3;
    %store/vec4 v0x5f5998c4ab60_0, 0, 3;
    %jmp T_6.14;
T_6.9 ;
    %pushi/vec4 0, 0, 3;
    %store/vec4 v0x5f5998c4ab60_0, 0, 3;
    %jmp T_6.14;
T_6.10 ;
    %pushi/vec4 5, 0, 3;
    %store/vec4 v0x5f5998c4ab60_0, 0, 3;
    %jmp T_6.14;
T_6.11 ;
    %pushi/vec4 6, 0, 3;
    %store/vec4 v0x5f5998c4ab60_0, 0, 3;
    %jmp T_6.14;
T_6.12 ;
    %pushi/vec4 7, 0, 3;
    %store/vec4 v0x5f5998c4ab60_0, 0, 3;
    %jmp T_6.14;
T_6.14 ;
    %pop/vec4 1;
    %jmp T_6;
    .thread T_6, $push;
    .scope S_0x5f5998c49350;
T_7 ;
    %wait E_0x5f5998bf9f90;
    %load/vec4 v0x5f5998c496d0_0;
    %flag_set/vec4 8;
    %jmp/0xz  T_7.0, 8;
    %load/vec4 v0x5f5998c14a80_0;
    %load/vec4 v0x5f5998c30e90_0;
    %parti/s 6, 2, 3;
    %pad/u 8;
    %ix/vec4 3;
    %ix/load 4, 0, 0; Constant delay
    %assign/vec4/a/d v0x5f5998c31cd0, 0, 4;
T_7.0 ;
    %jmp T_7;
    .thread T_7;
    .scope S_0x5f5998c49cc0;
T_8 ;
    %vpi_call 5 10 "$readmemh", "fibonacci.mem", v0x5f5998c4a0f0 {0 0 0};
    %end;
    .thread T_8;
    .scope S_0x5f5998c178d0;
T_9 ;
    %pushi/vec4 0, 0, 1;
    %store/vec4 v0x5f5998c570e0_0, 0, 1;
    %end;
    .thread T_9;
    .scope S_0x5f5998c178d0;
T_10 ;
    %delay 5000, 0;
    %load/vec4 v0x5f5998c570e0_0;
    %inv;
    %store/vec4 v0x5f5998c570e0_0, 0, 1;
    %jmp T_10;
    .thread T_10;
    .scope S_0x5f5998c178d0;
T_11 ;
    %vpi_call 2 42 "$dumpfile", "simulation.vcd" {0 0 0};
    %vpi_call 2 43 "$dumpvars", 32'sb00000000000000000000000000000000, S_0x5f5998c178d0 {0 0 0};
    %end;
    .thread T_11;
    .scope S_0x5f5998c178d0;
T_12 ;
    %pushi/vec4 1, 0, 1;
    %store/vec4 v0x5f5998c573e0_0, 0, 1;
    %pushi/vec4 0, 0, 32;
    %store/vec4 v0x5f5998c57180_0, 0, 32;
    %pushi/vec4 0, 0, 1;
    %store/vec4 v0x5f5998c57240_0, 0, 1;
    %pushi/vec4 4294967295, 0, 32;
    %store/vec4 v0x5f5998c57300_0, 0, 32;
    %wait E_0x5f5998bf9f90;
    %wait E_0x5f5998bf9f90;
    %pushi/vec4 0, 0, 1;
    %store/vec4 v0x5f5998c573e0_0, 0, 1;
T_12.0 ;
    %load/vec4 v0x5f5998c57240_0;
    %nor/r;
    %flag_set/vec4 9;
    %flag_get/vec4 9;
    %jmp/0 T_12.2, 9;
    %load/vec4 v0x5f5998c57180_0;
    %cmpi/s 500, 0, 32;
    %flag_get/vec4 5;
    %and;
T_12.2;
    %flag_set/vec4 8;
    %jmp/0xz T_12.1, 8;
    %wait E_0x5f5998bf9f90;
    %load/vec4 v0x5f5998c57180_0;
    %addi 1, 0, 32;
    %store/vec4 v0x5f5998c57180_0, 0, 32;
    %load/vec4 v0x5f5998c55b80_0;
    %load/vec4 v0x5f5998c57300_0;
    %cmp/e;
    %flag_get/vec4 4;
    %jmp/0 T_12.5, 4;
    %pushi/vec4 5, 0, 32;
    %load/vec4 v0x5f5998c57180_0;
    %cmp/s;
    %flag_get/vec4 5;
    %and;
T_12.5;
    %flag_set/vec4 8;
    %jmp/0xz  T_12.3, 8;
    %pushi/vec4 1, 0, 1;
    %store/vec4 v0x5f5998c57240_0, 0, 1;
T_12.3 ;
    %load/vec4 v0x5f5998c55b80_0;
    %store/vec4 v0x5f5998c57300_0, 0, 32;
    %jmp T_12.0;
T_12.1 ;
    %vpi_call 2 71 "$display", "--------------------------------------------------" {0 0 0};
    %load/vec4 v0x5f5998c57240_0;
    %flag_set/vec4 8;
    %jmp/0xz  T_12.6, 8;
    %vpi_call 2 73 "$display", "Halt loop detected after %0d cycles at PC=0x%08h", v0x5f5998c57180_0, v0x5f5998c55b80_0 {0 0 0};
    %jmp T_12.7;
T_12.6 ;
    %vpi_call 2 76 "$display", "WARNING: halt loop NOT detected within %0d cycles", v0x5f5998c57180_0 {0 0 0};
T_12.7 ;
    %wait E_0x5f5998bf9f90;
    %fork TD_Top_Module_tb.check_result, S_0x5f5998c19dd0;
    %join;
    %vpi_call 2 84 "$display", "--------------------------------------------------" {0 0 0};
    %vpi_call 2 85 "$finish" {0 0 0};
    %end;
    .thread T_12;
# The file index is used to find the file name in the following table.
:file_names 18;
    "N/A";
    "<interactive>";
    "Top_Module_tb.v";
    "Top_Module.v";
    "Data_MEM.v";
    "Instr_Mem.v";
    "SingleCycle.v";
    "ControlUnit.v";
    "ALUDecoder.v";
    "MainDecoder.v";
    "Datapath.v";
    "Extender.v";
    "rff.v";
    "adder.v";
    "Mux2_1.v";
    "ALU.v";
    "Mux3_1.v";
    "RegFile.v";
